MemTotal:        2025912 kB
MemFree:          395696 kB
MemAvailable:     864256 kB
Buffers:            3504 kB
Cached:           665428 kB
SwapCached:        13564 kB
Active:           450004 kB
Inactive:         710432 kB
Active(anon):     154860 kB
Inactive(anon):   350304 kB
Active(file):     295144 kB
Inactive(file):   360128 kB
Unevictable:        3980 kB
Mlocked:            3980 kB
SwapTotal:       1519428 kB
SwapFree:        1032236 kB
Dirty:              3292 kB
Writeback:             0 kB
AnonPages:        490612 kB
Mapped:           566748 kB
Shmem:             11248 kB
KReclaimable:      57192 kB
Slab:             166108 kB
SReclaimable:      57192 kB
SUnreclaim:       108916 kB
KernelStack:       30480 kB
ShadowCallStack:    7636 kB
PageTables:        66768 kB
SecPageTables:         0 kB
NFS_Unstable:          0 kB
Bounce:                0 kB
WritebackTmp:          0 kB
CommitLimit:     2532384 kB
Committed_AS:   52473244 kB
VmallocTotal:   259653632 kB
VmallocUsed:       58004 kB
VmallocChunk:          0 kB
Percpu:             4368 kB
AnonHugePages:         0 kB
ShmemHugePages:        0 kB
ShmemPmdMapped:        0 kB
FileHugePages:         0 kB
FilePmdMapped:         0 kB
CmaTotal:         303104 kB
CmaFree:          139824 kB

